// Jest Snapshot v1, https://goo.gl/fbAQLP

exports[`should properly render DosingMoments component 1`] = `
<Context.Provider
  value={
    Object {
      "getServerState": undefined,
      "store": Object {
        "@@observable": [Function],
        "dispatch": [Function],
        "getState": [Function],
        "replaceReducer": [Function],
        "subscribe": [Function],
      },
      "subscription": Object {
        "addNestedSub": [Function],
        "getListeners": [Function],
        "handleChangeWrapper": [Function],
        "isSubscribed": [Function],
        "notifyNestedSubs": [Function],
        "trySubscribe": [Function],
        "tryUnsubscribe": [Function],
      },
    }
  }
>
  <DosingMoments
    content={
      Object {
        "hour1": "07:00",
        "hour2": "18:00",
      }
    }
    drugId={1}
  />
</Context.Provider>
`;
