// Jest Snapshot v1, https://goo.gl/fbAQLP

exports[`should correctly render Profile page 1`] = `
<React.Fragment>
  <h1
    className="text-center mt-5 mt-md-0"
  >
    MÃ³j profil
  </h1>
  <ProfileForm
    fetchData={Promise {}}
  />
</React.Fragment>
`;
