// Jest Snapshot v1, https://goo.gl/fbAQLP

exports[`should correctly render Settings Page 1`] = `
<React.Fragment>
  <h1
    className="text-center mt-5 mt-md-0"
  >
    Ustawienia
  </h1>
  <SettingsForm />
</React.Fragment>
`;
