// Jest Snapshot v1, https://goo.gl/fbAQLP

exports[`should correctly render sidebar 1`] = `
<nav
  className="collapse d-lg-block sidebar collapse bg-white"
  id="sidebarMenu"
>
  <div
    className="position-sticky"
  >
    <div
      className="list-group list-group-flush mx-3 mt-4"
    >
      <NavLink
        className="list-group-item list-group-item-action py-2 ripple"
        end={true}
        to="/dashboard"
      >
        <i
          className="fas fa-tachometer-alt fa-fw me-3"
        />
        <span>
          Strona główna
        </span>
      </NavLink>
      <NavLink
        className="list-group-item list-group-item-action py-2 ripple"
        to="/dashboard/drug-list"
      >
        <i
          className="fa-solid fa-jar fa-fw me-3"
        />
        <span>
          Moje leki i suplementy
        </span>
      </NavLink>
      <NavLink
        className="list-group-item list-group-item-action py-2 ripple"
        to="/dashboard/profile"
      >
        <i
          className="fa-solid fa-user fa-fw me-3"
        />
        <span>
          Mój profil
        </span>
      </NavLink>
      <NavLink
        className="list-group-item list-group-item-action py-2 ripple"
        to="/dashboard/settings"
      >
        <i
          className="fa-solid fa-gear fa-fw me-3"
        />
        <span>
          Ustawienia
        </span>
      </NavLink>
      <a
        className="list-group-item list-group-item-action py-2 ripple"
        href="/logout"
      >
        <i
          className="fa-solid fa-power-off fa-fw me-3"
        />
        <span>
          Wyloguj się
        </span>
      </a>
    </div>
  </div>
</nav>
`;
