// Jest Snapshot v1, https://goo.gl/fbAQLP

exports[`should correctly render summary 1`] = `
<React.Fragment>
  <h1
    className="text-center"
  >
    Podsumowanie
  </h1>
  <DrugList
    isEditMode={false}
  />
  <div
    className="row mt-3"
  >
    <div
      className="col-md-6"
    >
      <div
        className="card"
      >
        <div
          className="card-header"
        >
          Dzisiaj muszÄ™ zaÅ¼yÄ‡ 
          <i
            className="fa-solid fa-clock"
          />
        </div>
        <div
          className="card-body"
        >
          <ul
            className="list-unstyled"
          >
            <li>
              <span
                className="fw-bold"
              >
                18:00
              </span>
               â€” Xanax: 1 szt.
            </li>
            <li>
              <span
                className="fw-bold"
              >
                20:00
              </span>
               â€” Witamina C: 1 szt.
            </li>
          </ul>
        </div>
      </div>
    </div>
    <div
      className="col-md-6 mt-3 mt-lg-0"
    >
      <div
        className="card"
      >
        <div
          className="card-header"
        >
          Stan zapasÃ³w 
          <i
            className="fa-solid fa-warehouse"
          />
        </div>
        <div
          className="card-body"
        >
          <h5
            className="card-title text-uppercase text-bg-danger text-center rounded"
          >
            Uwaga! ðŸ˜±
          </h5>
          <p
            className="card-text"
          >
            Zapasy nastÄ™pujÄ…cych lekÃ³w/suplementÃ³w ulegajÄ… wyczerpaniu:
          </p>
          <ul
            className="list-unstyled"
          >
            <li
              className="text-danger"
            >
              Metanabol 
              <span
                className="fw-bold"
              >
                4/10 amp. 10 ml
              </span>
            </li>
          </ul>
        </div>
      </div>
    </div>
  </div>
</React.Fragment>
`;
