// Jest Snapshot v1, https://goo.gl/fbAQLP

exports[`should correctly render DrugForm 1`] = `[Function]`;
