// Jest Snapshot v1, https://goo.gl/fbAQLP

exports[`should correctly display ProfileForm 1`] = `
<div
  className="card mt-3"
>
  <div
    className="card-header text-center"
  >
    Ustawienia profilu
  </div>
  <div
    className="card-body"
  >
    <form
      name="profile_form"
      onSubmit={[Function]}
      role="form"
    >
      <div
        className="form-floating mt-3"
      >
        <input
          className="form-control"
          data-testid="firstName"
          id="name"
          name="name"
          placeholder="ImiÄ™"
          required={true}
          type="text"
        />
        <label
          htmlFor="name"
        >
          ImiÄ™
        </label>
      </div>
      <div
        className="form-floating mt-3"
      >
        <input
          className="form-control"
          data-testid="email"
          id="email"
          name="email"
          placeholder="Email"
          required={true}
          type="email"
        />
        <label
          htmlFor="name"
        >
          Email
        </label>
      </div>
      <div
        className="input-group mt-3"
      >
        <div
          className="input-group input-group--prefix-number"
        >
          <span
            className="input-group-text"
          >
            +
          </span>
          <select
            aria-label="Prefix"
            className="form-select"
            id="tel_prefix"
            name="tel_prefix"
          >
            <option
              value="48"
            >
              48 ðŸ‡µðŸ‡±
            </option>
            <option
              value="47"
            >
              47 ðŸ‡³ðŸ‡´
            </option>
          </select>
        </div>
        <input
          className="form-control rounded-start"
          id="tel"
          name="tel"
          placeholder="Nr tel"
          type="text"
        />
      </div>
      <div
        className="form-floating mt-3"
      >
        <input
          className="form-control"
          data-testid="oldPassword"
          id="oldPassword"
          name="oldPassword"
          placeholder="Stare hasÅ‚o"
          type="password"
        />
        <label
          htmlFor="name"
        >
          Stare hasÅ‚o
        </label>
      </div>
      <div
        className="form-floating mt-3"
      >
        <input
          className="form-control"
          data-testid="newPassword"
          id="newPassword"
          name="newPassword"
          placeholder="Nowe hasÅ‚o"
          type="password"
        />
        <label
          htmlFor="name"
        >
          Nowe hasÅ‚o
        </label>
      </div>
      <div
        className="form-floating mt-3"
      >
        <input
          className="form-control"
          data-testid="newPasswordRepeated"
          id="newPasswordRepeated"
          name="newPasswordRepeated"
          placeholder="Nowe hasÅ‚o"
          type="password"
        />
        <label
          htmlFor="name"
        >
          PowtÃ³rz nowe hasÅ‚o
        </label>
      </div>
      <div
        className="d-grid mt-3"
      >
        <button
          className="btn btn-primary"
        >
          Zapisz 
          <i
            className="fa-solid fa-floppy-disk"
          />
        </button>
      </div>
    </form>
  </div>
</div>
`;
