// Jest Snapshot v1, https://goo.gl/fbAQLP

exports[`should correctly render opened modal with some content 1`] = `
<Modal
  appElement={false}
  ariaHideApp={true}
  bodyOpenClassName="ReactModal__Body--open"
  closeTimeoutMS={0}
  contentElement={[Function]}
  contentLabel="Edycja"
  isOpen={false}
  overlayElement={[Function]}
  parentSelector={[Function]}
  portalClassName="ReactModalPortal"
  preventScroll={false}
  role="dialog"
  shouldCloseOnEsc={true}
  shouldCloseOnOverlayClick={true}
  shouldFocusAfterRender={true}
  shouldReturnFocusAfterClose={true}
  style={
    Object {
      "content": Object {
        "bottom": "auto",
        "left": "50%",
        "marginRight": "-50%",
        "right": "auto",
        "top": "50%",
        "transform": "translate(-50%, -50%)",
      },
    }
  }
>
  <p>
    Some content
  </p>
</Modal>
`;
