// Jest Snapshot v1, https://goo.gl/fbAQLP

exports[`should correctly render StatusOkModalContent 1`] = `
<div
  className="container text-center"
  data-testid="status-ok"
  role="dialog"
>
  <h2
    className="text-success"
  >
    Twoje nowe dane zostaÅ‚y tymczasowo zapisane ğŸ™‚
  </h2>
  <p
    className="mt-2"
  >
    Aby w peÅ‚ni zaktualizowaÄ‡ swoje dane, sprawdÅº swojÄ… skrzynkÄ™ pocztowÄ… 
    <i
      className="fa-regular fa-envelope"
    />
    ,
    <br />
     gdzie znajdziesz wiadomoÅ›Ä‡ email z linkiem do potwierdzenia zmiany 
    <i
      className="fa-solid fa-check"
    />
  </p>
  <p
    className="text-info"
  >
    JeÅ›li nie moÅ¼esz znaleÅºÄ‡ tego maila w skrzynce odbiorczej 
    <i
      className="fa-solid fa-inbox"
    />
    , sprawdÅº folder SPAM
  </p>
  <button
    className="btn btn-primary mt-2"
    onClick={[Function]}
  >
    OK 
    <i
      className="fa-solid fa-check"
    />
  </button>
</div>
`;
