// Jest Snapshot v1, https://goo.gl/fbAQLP

exports[`should correctly render remind time input 1`] = `
<React.Fragment>
  <div>
    <RemindTimeInput
      handleUnitInputChange={[MockFunction]}
      ordinalNumber={1}
    />
  </div>
</React.Fragment>
`;
