// Jest Snapshot v1, https://goo.gl/fbAQLP

exports[`should correctly render remind time input 1`] = `
<div
  className="input-group mt-3"
>
  <input
    className="form-control"
    data-testid="remindTime"
    id="remindTime1"
    min="1"
    name="remindTime1"
    required={true}
    type="number"
  />
  <select
    className="form-select text-center"
    defaultValue="min"
    id="unit1"
    name="unit1"
    onChange={[MockFunction]}
  >
    <option
      value="min"
    >
      min.
    </option>
    <option
      value="h"
    >
      h
    </option>
    <option
      value="atDosingHour"
    >
      W godzinie za≈ºycia
    </option>
  </select>
  <span
    className="input-group-text ps-3"
    id="remindTimeSuffix1"
  >
    przed
  </span>
</div>
`;
